[bio.link/wojtoteka.html]
[cdn.bio.link/uploads/profile_pictures/2024-07-09/Op72QgNtiQxF0ZNE340f8d63e4c7ad3c.gif]
[backblue.gif]
[fade.gif]
[index.html]
[bio.link/manifest.json]
[bio.link/images/flags11db.png]
[bio.link/images/flags@2x00a3.png]
[bio.link/cdn-cgi/l/email-protection.html]
[bio.link/cdn-cgi/scripts/5c5dd728/cloudflare-static/email-decode.min.js]
[assets.pinterest.com/js/pinit.js]
[bio.link/index.html]
[bio.link/cdn-cgi/challenge-platform/h/b/scripts/jsd/a5b175b00260/maind41d.js]
[plausible.io/js/plausible.js]
[bio.link/GET.html]
[bio.link/campaign/index.html]
[sf16-website-login.neutral.ttwstatic.com/obj/tiktok_web_login_static/tiktok/falcon/embed/embed_v1.0.12.js]
[bio.link/get-2.html]
[bio.link/post]
[bio.link/wojtoteka.html]
[bio.link/user/index.html]
[bio.link/u/index.html]
[cdn.bio.link/og-image-min.jpg]
[bio.link/form/index.html]
[bio.link/favicon.ico]
[bio.link/apple-touch-icon.png]
[bio.link/_nuxt/4726e05.js]
[bio.link/_nuxt/eca3caf.js]
[bio.link/_nuxt/bc346eb.js]
[bio.link/_nuxt/e4fdec3.js]
[bio.link/_nuxt/e3bebc1.js]
[bio.link/_nuxt/fc8a63b.js]
[bio.link/_nuxt/fonts/Inter-Black.54c4088.ttf]
[bio.link/_nuxt/fonts/Inter-ExtraBold.55189dd.ttf]
[bio.link/_nuxt/fonts/Inter-Bold.3e3cb90.ttf]
[bio.link/_nuxt/fonts/Inter-SemiBold.c6588ec.ttf]
[bio.link/_nuxt/fonts/Inter-Regular.9cd7588.ttf]
[bio.link/_nuxt/fonts/Inter-Light.e7dd139.ttf]
[bio.link/_nuxt/fonts/Inter-ExtraLight.19c859e.ttf]
[bio.link/_nuxt/fonts/Inter-Thin.dbd1349.ttf]
[bio.link/features.html]
[bio.link/faq.html]
[cdn.bio.link/landing/top-animations/theme-1.png]
[cdn.bio.link/landing/top-animations/theme-1-embed.png]
[cdn.bio.link/landing/top-animations/theme-1-socials.png]
[cdn.bio.link/landing/top-animations/theme-3.png]
[cdn.bio.link/landing/top-animations/theme-3-embed.png]
[cdn.bio.link/landing/top-animations/theme-3-socials.png]
[cdn.bio.link/landing/top-animations/theme-2.png]
[cdn.bio.link/landing/top-animations/theme-2-embed.png]
[cdn.bio.link/landing/top-animations/theme-2-socials.png]
[cdn.bio.link/landing/top-animations/theme-4.png]
[cdn.bio.link/landing/top-animations/theme-4-embed.png]
[cdn.bio.link/landing/top-animations/theme-4-socials.png]
[cdn.bio.link/landing/new-features/themes.png]
[cdn.bio.link/landing/new-features/embed-apps.png]
[cdn.bio.link/landing/new-features/stats.png]
[cdn.bio.link/landing/feature/extras/speed.png]
[cdn.bio.link/landing/feature/extras/custom-theme.png]
[cdn.bio.link/landing/feature/extras/mobile-app.png]
[cdn.bio.link/landing/feature/extras/seo-optimized.png]
[cdn.bio.link/landing/feature/extras/unlimited-visitors.png]
[cdn.bio.link/landing/feature/extras/qr-code.png]
[cdn.bio.link/landing/feature/multiple-sites.png]
[cdn.bio.link/landing/feature/custom-domains.png]
[cdn.bio.link/landing/feature/email-subscribers.png]
[cdn.bio.link/landing/feature/blog-posts.png]
[bio.link/austinarcher.html]
[bio.link/acmilan.html]
[cdn.bio.link/landing/user_2.jpg]
[bio.link/jo_franco.html]
[cdn.bio.link/landing/user-3_1.jpg]
[bio.link/padrepauloricardo.html]
[cdn.bio.link/landing/user-4.png]
[cdn.bio.link/landing/user_5_new.png]
[cdn.bio.link/landing/google-play.png]
[cdn.bio.link/landing/app-store.png]
[bio.link/index.html]
[bio.link/cdn-cgi/l/email-protection.html]
[bio.link/api/pages/index.html]
[bio.link/biodotlink.html]
[cdn.bio.link/uploads/profile_pictures/2023-07-26/gis9i7enx5SZ7XrdlCIfn9wmYxrjH9tn.png]
[bio.link/campaign.html]
[bio.link/campaign/GET.4a.delayed]
[bio.link/campaign/get]
[bio.link/campaign/post]
[bio.link/campaign/index.html]
[cdn.bio.link/uploads/profile_pictures/2021-07-26/tRu9S0IdaTZ1o2p16EA1BVgaL2DmmZtk.png]
[cdn.bio.link/uploads/thumbnails/2021-07-26/qQwY02hPzZSa7m8Y37Am6QyMyqxlAlXt.png]
[cdn.bio.link/uploads/thumbnails/2021-07-26/DXBl76rHniVGQAcoJUxF1ybe8H4fUoqd.png]
[bio.link/GET.html]
[bio.link/u/index.html]
[bio.link/user/index.html]
[bio.link/get-2.html]
[cdn.bio.link/uploads/profile_pictures/2021-09-25/5XRdVlssg15fDtZEduCQkWHsl6FovfXg.png]
[cdn.bio.link/uploads/thumbnails/2021-09-25/ReohTMTeVTRnkjF9wZsrhHdQf1gjXZd8.png]
[bio.link/form/GET]
[bio.link/form/get]
[bio.link/form/post]
[bio.link/form/index.html]
[bio.link/post.html]
[www.googletagmanager.com/gtm5445.html]
[bio.link/_nuxt/4910178.js]
[bio.link/_nuxt/55d6d33.js]
[bio.link/_nuxt/8267bf4.js]
[bio.link/_nuxt/f0812b0.js]
[cdn.bio.link/landing/google-play-dark.png]
[cdn.bio.link/landing/apple-store-dark.png]
[bio.link/features.html]
[bio.link/faq.html]
[bio.link/_nuxt/af60c99.js]
[cdn.bio.link/uploads/thumbnails/2024-05-11/FEuRCuwikjEqq2RRploaded_nzCNdE0M.gif]
[cdn.bio.link/uploads/thumbnails/2024-05-11/Lj5eHXD41tzSPetuploaded_08gwWUBj.gif]
[cdn.bio.link/uploads/thumbnails/2024-05-11/PQ1Xc3puR3qQq3Gcploaded_3xkNkqXB.gif]
[cdn.bio.link/uploads/thumbnails/2023-11-21/VbfVKxZiT4cJUmh8LIIakbJsHkD94HF7.png]
[cdn.bio.link/uploads/thumbnails/2022-06-26/9pXBuH72lJTeqDHG6JyxEsP8QCcPJ6EP.png]
[cdn.bio.link/uploads/thumbnails/2021-09-08/vXhQZmEoBAts3uxc15KsbVVQAbPlBpBU.png]
[cdn.bio.link/uploads/thumbnails/2022-09-25/ZLJBYrS1HYVXTQf72D6NMKxZeFU4yJUA.png]
[cdn.bio.link/uploads/thumbnails/2021-09-08/BWCG3vaQrHqDvvFFo6u0C6yFnar7jOWb.png]
[cdn.bio.link/uploads/thumbnails/2021-11-15/mEoHKvcIgPMz2oODdo0CzP4iCVnUzUKi.png]
[cdn.bio.link/uploads/thumbnails/2022-12-23/OibauPAJmoCK8dMbuBX862Mbfwp6Xl5c.png]
[cdn.bio.link/uploads/thumbnails/2021-11-16/KVPoe2k5WaXTkDtxBUZZSriT5BsC4755.png]
[cdn.bio.link/uploads/thumbnails/2021-07-02/pMGrlr4qymlgfyg3ploaded_usyfCXkW.gif]
[bio.link/austinarcher.html]
[cdn.bio.link/uploads/profile_pictures/2021-07-21/cojLFWYybcSyrR2iz51P1wRhs57pt1xc.png]
[cdn.bio.link/uploads/thumbnails/2021-07-23/KJq64tKfmtbvLDvruIkv8nt7L8nlD8HT.png]
[cdn.bio.link/uploads/thumbnails/2021-07-23/XdUrOm5ESyZ9n1kn2uyeMbqfEPVori1J.png]
[cdn.bio.link/uploads/thumbnails/2021-07-23/Ye8bRSRrONhHtqiWr6IX6jkdhifvyAU0.png]
[cdn.bio.link/uploads/thumbnails/2021-07-23/kGZKMltnRANWSydOO6y1jj5C0I3Su9Ql.png]
[cdn.bio.link/uploads/thumbnails/2021-07-23/mDxeZIzFqdSXvm36B412Mbg71TO1izrQ.png]
[cdn.bio.link/uploads/thumbnails/2021-07-23/VVPK1BkmN5lOeMiPg2jsS1xyAACpQWEi.png]
[cdn.bio.link/uploads/thumbnails/2021-07-23/X0YadZmV5PRaQITCIhnmc9DqHkjktHhX.png]
[cdn.bio.link/uploads/thumbnails/2021-07-23/4px7hrMtaAM4Ia0Ta05FOKdHQ8Tfwtol.png]
[bio.link/acmilan.html]
[cdn.bio.link/uploads/profile_pictures/2022-02-01/MJydDIQSUWpqup5PrK9qGPYNFE0qReRX.png]
[bio.link/jo_franco.html]
[cdn.bio.link/uploads/profile_pictures/2022-04-06/8bPZqTbPpi3h4GgaEcbbey5MrXcZGSBx.png]
[bio.link/padrepauloricardo.html]
[cdn.bio.link/uploads/profile_pictures/2022-02-16/71zJ05CpqRBKWmQ2mzqv1TlmQQWMgmad.png]
[bio.link/biodotlink.html]
[bio.link/campaign.html]
[bio.link/campaign/GET.html]
[bio.link/campaign/get-2.html]
[bio.link/campaign/post.html]
[bio.link/form/GET.html]
[bio.link/form/get-2.html]
[bio.link/form/post.html]
